scan: "/dev/sda -d scsi # /dev/sda, SCSI device"
info:
  /dev/sda: |
    smartctl 7.1 2019-12-30 r5022 [x86_64-linux-5.4.0-65-generic] (local build)
    Copyright (C) 2002-19, Bruce Allen, Christian Franke, www.smartmontools.org
    
      === START OF INFORMATION SECTION ===
    Vendor:               Dell
    Product:              Virtual Disk
    Revision:             1028
    Compliance:           SPC-4
    User Capacity:        299,439,751,168 bytes [299 GB]
    Logical block size:   512 bytes
    Logical Unit id:      0x600508e0000000004e4ea1c788c94584
    Device type:          disk
    Local Time is:        Tue Jan 23 15:13:06 2024 CET
    SMART support is:     Unavailable - device lacks SMART capability.
    
      === START OF READ SMART DATA SECTION ===
    Current Drive Temperature:     0 C
    Drive Trip Temperature:        0 C
  /dev/sg0: |
    smartctl 7.1 2019-12-30 r5022 [x86_64-linux-5.4.0-65-generic] (local build)
    Copyright (C) 2002-19, Bruce Allen, Christian Franke, www.smartmontools.org
    
      === START OF INFORMATION SECTION ===
    Vendor:               PLDS
    Product:              DVD+-RW DS-8A5SH
    Revision:             XD51
    Compliance:           SPC-3
    User Capacity:        1,244,703,786,707,731,539 bytes [1244 PB]
    Logical block size:   1347175507 bytes
    Device type:          CD/DVD
    Local Time is:        Tue Jan 23 15:13:13 2024 CET
      NO MEDIUM present in device
    SMART support is:     Unavailable - device lacks SMART capability.
    
      === START OF READ SMART DATA SECTION ===
    Current Drive Temperature:     0 C
    Drive Trip Temperature:        0 C
  /dev/sg1: |
    smartctl 7.1 2019-12-30 r5022 [x86_64-linux-5.4.0-65-generic] (local build)
    Copyright (C) 2002-19, Bruce Allen, Christian Franke, www.smartmontools.org
    
      === START OF INFORMATION SECTION ===
    Vendor:               Dell
    Product:              Virtual Disk
    Revision:             1028
    Compliance:           SPC-4
    User Capacity:        299,439,751,168 bytes [299 GB]
    Logical block size:   512 bytes
    Logical Unit id:      0x600508e0000000004e4ea1c788c94584
    Device type:          disk
    Local Time is:        Tue Jan 23 15:13:13 2024 CET
    SMART support is:     Unavailable - device lacks SMART capability.
    
      === START OF READ SMART DATA SECTION ===
    Current Drive Temperature:     0 C
    Drive Trip Temperature:        0 C
  /dev/sg2: |
    smartctl 7.1 2019-12-30 r5022 [x86_64-linux-5.4.0-65-generic] (local build)
    Copyright (C) 2002-19, Bruce Allen, Christian Franke, www.smartmontools.org
    
      === START OF INFORMATION SECTION ===
    Vendor:               SEAGATE
    Product:              ST3300657SS
    Revision:             ES64
    Compliance:           SPC-3
    User Capacity:        300,000,000,000 bytes [300 GB]
    Logical block size:   512 bytes
    Rotation Rate:        15000 rpm
    Form Factor:          3.5 inches
    Logical Unit id:      0x5000c50164c6410f
    Serial number:        6SJ3QRQ3
    Device type:          disk
    Transport protocol:   SAS (SPL-3)
    Local Time is:        Tue Jan 23 15:13:13 2024 CET
    SMART support is:     Available - device has SMART capability.
    SMART support is:     Enabled
    Temperature Warning:  Disabled or Not Supported
    
      === START OF READ SMART DATA SECTION ===
    SMART Health Status: OK
    Current Drive Temperature:     0 C
    Drive Trip Temperature:        0 C
    
    Elements in grown defect list: 22
  /dev/sg3: |
    smartctl 7.1 2019-12-30 r5022 [x86_64-linux-5.4.0-65-generic] (local build)
    Copyright (C) 2002-19, Bruce Allen, Christian Franke, www.smartmontools.org
    
      === START OF INFORMATION SECTION ===
    Vendor:               SEAGATE
    Product:              ST3300657SS
    Revision:             ES64
    Compliance:           SPC-3
    User Capacity:        300,000,000,000 bytes [300 GB]
    Logical block size:   512 bytes
    Rotation Rate:        15000 rpm
    Form Factor:          3.5 inches
    Logical Unit id:      0x5000c50164c6410f
    Serial number:        6SJ3QRGZ
    Device type:          disk
    Transport protocol:   SAS (SPL-3)
    Local Time is:        Tue Jan 23 15:13:13 2024 CET
    SMART support is:     Available - device has SMART capability.
    SMART support is:     Enabled
    Temperature Warning:  Disabled or Not Supported
    
      === START OF READ SMART DATA SECTION ===
    SMART Health Status: OK
    Current Drive Temperature:     0 C
    Drive Trip Temperature:        0 C
    
    Elements in grown defect list: 26

