scan: "/dev/sda -d scsi # /dev/sda, SCSI device"
info_return_code:
  /dev/sda: 0
  /dev/sg0: 0
info:
  /dev/sda: |
    smartctl 7.3 2022-02-28 r5338 [x86_64-linux-6.5.11-7-pve] (local build)
    Copyright (C) 2002-22, Bruce Allen, Christian Franke, www.smartmontools.org
    
      === START OF INFORMATION SECTION ===
    Model Family:     Intel 525 Series SSDs
    Device Model:     INTEL SSDMCEAC090B3
    Serial Number:    CVLI12345678997L
    LU WWN Device Id: 5 001517 123456789
    Firmware Version: LLLi
    User Capacity:    90,028,302,336 bytes [90.0 GB]
    Sector Size:      512 bytes logical/physical
    Rotation Rate:    Solid State Device
    TRIM Command:     Available, deterministic
    Device is:        In smartctl database 7.3/5319
    ATA Version is:   ACS-2 (minor revision not indicated)
    SATA Version is:  SATA 3.0, 6.0 Gb/s (current: 6.0 Gb/s)
    Local Time is:    Tue Jan 23 15:19:17 2024 CET
    SMART support is: Available - device has SMART capability.
    SMART support is: Enabled
    Power mode is:    ACTIVE or IDLE
    
      === START OF READ SMART DATA SECTION ===
    SMART overall-health self-assessment test result: PASSED
    
    SMART Attributes Data Structure revision number: 10
    Vendor Specific SMART Attributes with Thresholds:
      ID# ATTRIBUTE_NAME          FLAGS    VALUE WORST THRESH FAIL RAW_VALUE
      5 Reallocated_Sector_Ct   -O--CK   100   100   000    -    0
      9 Power_On_Hours_and_Msec -O--CK   100   100   000    -    72345h+38m+41.460s
      12 Power_Cycle_Count       -O--CK   100   100   000    -    248
      170 Available_Reservd_Space PO--CK   100   100   010    -    0
      171 Program_Fail_Count      -O--CK   100   100   000    -    0
      172 Erase_Fail_Count        -O--CK   100   100   000    -    0
      174 Unexpect_Power_Loss_Ct  -O--CK   100   100   000    -    225
      183 SATA_Downshift_Count    -O--CK   100   100   000    -    2
      184 End-to-End_Error        PO--CK   100   100   090    -    0
      187 Uncorrectable_Error_Cnt -O--CK   100   100   050    -    0
      190 Airflow_Temperature_Cel -O---K   052   105   000    -    52 (Min/Max -24/105)
      192 Power-Off_Retract_Count -O--CK   100   100   000    -    225
      199 UDMA_CRC_Error_Count    -O--CK   100   100   000    -    0
      225 Host_Writes_32MiB       -O--CK   100   100   000    -    289664
      226 Workld_Media_Wear_Indic -O--CK   100   100   000    -    65535
      227 Workld_Host_Reads_Perc  -O--CK   100   100   000    -    35
      228 Workload_Minutes        -O--CK   100   100   000    -    65535
      232 Available_Reservd_Space PO--CK   100   100   010    -    0
      233 Media_Wearout_Indicator -O--CK   096   096   000    -    0
      241 Host_Writes_32MiB       -O--CK   100   100   000    -    289664
      242 Host_Reads_32MiB        -O--CK   100   100   000    -    156160
      249 NAND_Writes_1GiB        PO--C-   100   100   000    -    28007
      ||||||_ K auto-keep
      |||||__ C event count
      ||||___ R error rate
      |||____ S speed/performance
      ||_____ O updated online
      |______ P prefailure warning
  /dev/sg0: |
    smartctl 7.3 2022-02-28 r5338 [x86_64-linux-6.5.11-7-pve] (local build)
    Copyright (C) 2002-22, Bruce Allen, Christian Franke, www.smartmontools.org
    
      === START OF INFORMATION SECTION ===
    Model Family:     Intel 525 Series SSDs
    Device Model:     INTEL SSDMCEAC090B3
    Serial Number:    CVLI12345678997L
    LU WWN Device Id: 5 001517 123456789
    Firmware Version: LLLi
    User Capacity:    90,028,302,336 bytes [90.0 GB]
    Sector Size:      512 bytes logical/physical
    Rotation Rate:    Solid State Device
    TRIM Command:     Available, deterministic
    Device is:        In smartctl database 7.3/5319
    ATA Version is:   ACS-2 (minor revision not indicated)
    SATA Version is:  SATA 3.0, 6.0 Gb/s (current: 6.0 Gb/s)
    Local Time is:    Tue Jan 23 15:19:21 2024 CET
    SMART support is: Available - device has SMART capability.
    SMART support is: Enabled
    Power mode is:    ACTIVE or IDLE
    
      === START OF READ SMART DATA SECTION ===
    SMART overall-health self-assessment test result: PASSED
    
    SMART Attributes Data Structure revision number: 10
    Vendor Specific SMART Attributes with Thresholds:
      ID# ATTRIBUTE_NAME          FLAGS    VALUE WORST THRESH FAIL RAW_VALUE
      5 Reallocated_Sector_Ct   -O--CK   100   100   000    -    0
      9 Power_On_Hours_and_Msec -O--CK   100   100   000    -    72345h+38m+45.240s
      12 Power_Cycle_Count       -O--CK   100   100   000    -    248
      170 Available_Reservd_Space PO--CK   100   100   010    -    0
      171 Program_Fail_Count      -O--CK   100   100   000    -    0
      172 Erase_Fail_Count        -O--CK   100   100   000    -    0
      174 Unexpect_Power_Loss_Ct  -O--CK   100   100   000    -    225
      183 SATA_Downshift_Count    -O--CK   100   100   000    -    2
      184 End-to-End_Error        PO--CK   100   100   090    -    0
      187 Uncorrectable_Error_Cnt -O--CK   100   100   050    -    0
      190 Airflow_Temperature_Cel -O---K   052   105   000    -    52 (Min/Max -24/105)
      192 Power-Off_Retract_Count -O--CK   100   100   000    -    225
      199 UDMA_CRC_Error_Count    -O--CK   100   100   000    -    0
      225 Host_Writes_32MiB       -O--CK   100   100   000    -    289664
      226 Workld_Media_Wear_Indic -O--CK   100   100   000    -    65535
      227 Workld_Host_Reads_Perc  -O--CK   100   100   000    -    35
      228 Workload_Minutes        -O--CK   100   100   000    -    65535
      232 Available_Reservd_Space PO--CK   100   100   010    -    0
      233 Media_Wearout_Indicator -O--CK   096   096   000    -    0
      241 Host_Writes_32MiB       -O--CK   100   100   000    -    289664
      242 Host_Reads_32MiB        -O--CK   100   100   000    -    156160
      249 NAND_Writes_1GiB        PO--C-   100   100   000    -    28007
      ||||||_ K auto-keep
      |||||__ C event count
      ||||___ R error rate
      |||____ S speed/performance
      ||_____ O updated online
      |______ P prefailure warning
