scan: |
  /dev/sda -d scsi # /dev/sda, SCSI device
  /dev/sdb -d scsi # /dev/sdb, SCSI device
  /dev/nvme0 -d nvme # /dev/nvme0, NVMe device

info:
  /dev/sda: |
    smartctl 7.4 2023-08-01 r5530 [x86_64-linux-6.7.0-arch3-1] (local build)
    Copyright (C) 2002-23, Bruce Allen, Christian Franke, www.smartmontools.org
    
      === START OF INFORMATION SECTION ===
    Model Family:     Hitachi Deskstar P7K500
    Device Model:     Hitachi HDP725050GLA360
    Serial Number:    GE123456789123
    LU WWN Device Id: 5 000cca 123456789
    Firmware Version: GM4OA5CA
    User Capacity:    500 107 862 016 bytes [500 GB]
    Sector Size:      512 bytes logical/physical
    Rotation Rate:    7200 rpm
    Device is:        In smartctl database 7.3/5528
    ATA Version is:   ATA8-ACS T13/1699-D revision 4
    SATA Version is:  SATA 2.6, 3.0 Gb/s
    Local Time is:    Tue Jan 23 15:16:17 2024 CET
    SMART support is: Available - device has SMART capability.
    SMART support is: Enabled
    Power mode is:    ACTIVE or IDLE
    
      === START OF READ SMART DATA SECTION ===
    SMART overall-health self-assessment test result: PASSED
    
    SMART Attributes Data Structure revision number: 16
    Vendor Specific SMART Attributes with Thresholds:
      ID# ATTRIBUTE_NAME          FLAGS    VALUE WORST THRESH FAIL RAW_VALUE
      1 Raw_Read_Error_Rate     PO-R--   100   100   016    -    0
      2 Throughput_Performance  P-S---   132   132   054    -    140
      3 Spin_Up_Time            POS---   120   120   024    -    307 (Average 333)
      4 Start_Stop_Count        -O--C-   100   100   000    -    865
      5 Reallocated_Sector_Ct   PO--CK   100   100   005    -    0
      7 Seek_Error_Rate         PO-R--   100   100   067    -    0
      8 Seek_Time_Performance   P-S---   129   129   020    -    30
      9 Power_On_Hours          -O--C-   092   092   000    -    57390
      10 Spin_Retry_Count        PO--C-   100   100   060    -    0
      12 Power_Cycle_Count       -O--CK   100   100   000    -    698
      192 Power-Off_Retract_Count -O--CK   098   098   000    -    2419
      193 Load_Cycle_Count        -O--C-   098   098   000    -    2419
      194 Temperature_Celsius     -O----   187   187   000    -    32 (Min/Max 14/58)
      196 Reallocated_Event_Count -O--CK   100   100   000    -    0
      197 Current_Pending_Sector  -O---K   100   100   000    -    0
      198 Offline_Uncorrectable   ---R--   100   100   000    -    0
      199 UDMA_CRC_Error_Count    -O-R--   200   200   000    -    3044
      ||||||_ K auto-keep
      |||||__ C event count
      ||||___ R error rate
      |||____ S speed/performance
      ||_____ O updated online
      |______ P prefailure warning
  /dev/sdb: # TODO
  /dev/nvme0 -d nvme: |
    smartctl 7.2 2020-12-30 r5155 [x86_64-linux-5.15.0-91-generic] (local build)
    Copyright (C) 2002-20, Bruce Allen, Christian Franke, www.smartmontools.org
    
      === START OF INFORMATION SECTION ===
    Model Number:                       KXG50ZNV512G NVMe TOSHIBA 512GB
    Serial Number:                      18DS11V9TY8T
    Firmware Version:                   AADA4102
    PCI Vendor/Subsystem ID:            0x1179
    IEEE OUI Identifier:                0x00080d
    Total NVM Capacity:                 512,110,190,592 [512 GB]
    Unallocated NVM Capacity:           0
    Controller ID:                      0
    NVMe Version:                       1.2.1
    Number of Namespaces:               1
    Namespace 1 Size/Capacity:          512,110,190,592 [512 GB]
    Namespace 1 Formatted LBA Size:     512
    Namespace 1 IEEE EUI-64:            00080d 02003b88f8
    Local Time is:                      Wed Jan 24 16:55:55 2024 CET
      
      === START OF SMART DATA SECTION ===
    SMART overall-health self-assessment test result: PASSED
      
      SMART/Health Information (NVMe Log 0x02)
    Critical Warning:                   0x00
    Temperature:                        55 Celsius
    Available Spare:                    100%
    Available Spare Threshold:          10%
    Percentage Used:                    11%
    Data Units Read:                    29,311,385 [15.0 TB]
    Data Units Written:                 36,737,279 [18.8 TB]
    Host Read Commands:                 665,831,489
    Host Write Commands:                998,863,020
    Controller Busy Time:               2,510
    Power Cycles:                       539
    Power On Hours:                     14,202
    Unsafe Shutdowns:                   126
    Media and Data Integrity Errors:    0
    Error Information Log Entries:      0
    Warning  Comp. Temperature Time:    0
    Critical Comp. Temperature Time:    0
    Temperature Sensor 1:               55 Celsius

