scan: "IOService:/AppleARMPE/arm-io/AppleT600xIO/ans@8F400000/AppleASCWrapV4/iop-ans-nub/RTBuddy(ANS2)/RTBuddyService/AppleANS3NVMeController/NS_01@1 -d nvme # IOService:/AppleARMPE/arm-io/AppleT600xIO/ans@8F400000/AppleASCWrapV4/iop-ans-nub/RTBuddy(ANS2)/RTBuddyService/AppleANS3NVMeController/NS_01@1, NVMe device"
info_return_code:
  IOService:/AppleARMPE/arm-io/AppleT600xIO/ans@8F400000/AppleASCWrapV4/iop-ans-nub/RTBuddy(ANS2)/RTBuddyService/AppleANS3NVMeController/NS_01@1 -d nvme: 0
info:
  IOService:/AppleARMPE/arm-io/AppleT600xIO/ans@8F400000/AppleASCWrapV4/iop-ans-nub/RTBuddy(ANS2)/RTBuddyService/AppleANS3NVMeController/NS_01@1 -d nvme: |
    smartctl 7.4 2023-08-01 r5530 [Darwin 23.2.0 arm64] (local build)
    Copyright (C) 2002-23, Bruce Allen, Christian Franke, www.smartmontools.org
    
      === START OF INFORMATION SECTION ===
    Model Number:                       APPLE SSD AP0512R
    Serial Number:                      123ae456ea789ae0
    Firmware Version:                   359.60.3
    PCI Vendor/Subsystem ID:            0x106b
    IEEE OUI Identifier:                0x000000
    Controller ID:                      0
    NVMe Version:                       <1.2
    Number of Namespaces:               3
    Local Time is:                      Tue Jan 23 17:13:12 2024 CET
    
      === START OF SMART DATA SECTION ===
    SMART overall-health self-assessment test result: PASSED
    
      SMART/Health Information (NVMe Log 0x02)
    Critical Warning:                   0x00
    Temperature:                        35 Celsius
    Available Spare:                    100%
    Available Spare Threshold:          99%
    Percentage Used:                    5%
    Data Units Read:                    169,141,396 [86,6 TB]
    Data Units Written:                 287,220,442 [147 TB]
    Host Read Commands:                 6,180,903,516
    Host Write Commands:                4,618,354,512
    Controller Busy Time:               0
    Power Cycles:                       228
    Power On Hours:                     3,815
    Unsafe Shutdowns:                   8
    Media and Data Integrity Errors:    0
    Error Information Log Entries:      0
